../Core/Src/main.c:225:5:main	80	static
../Core/Src/main.c:350:6:SystemClock_Config	96	static
../Core/Src/main.c:396:13:MX_I2C1_Init	8	static
../Core/Src/main.c:437:13:MX_TIM2_Init	64	static
../Core/Src/main.c:490:13:MX_TIM3_Init	64	static
../Core/Src/main.c:543:13:MX_USART2_UART_Init	8	static
../Core/Src/main.c:573:13:MX_GPIO_Init	48	static
../Core/Src/main.c:632:13:configure_imu_power	32	static
../Core/Src/main.c:678:13:calibrate_imu	384	static
../Core/Src/main.c:752:13:process_imu_data	64	static
../Core/Src/main.c:777:13:update_global_imu_data	144	static
../Core/Src/main.c:797:13:print_i2c_read_error	144	static
../Core/Src/main.c:829:13:start_pwm_channels	8	static
../Core/Src/main.c:849:13:set_motor_duty_cycle	24	static
../Core/Src/main.c:880:6:HAL_GPIO_EXTI_Callback	16	static
../Core/Src/main.c:890:6:HAL_UART_RxCpltCallback	16	static
../Core/Src/main.c:906:13:uart_print	16	static
../Core/Src/main.c:913:13:resetI2C	8	static
../Core/Src/main.c:920:7:HAL_StatusToString	16	static
../Core/Src/main.c:935:7:HAL_I2C_ErrorToString	24	static
../Core/Src/main.c:965:6:StartDefaultTask	16	static
../Core/Src/main.c:981:6:startIMUReadTask	80	static
../Core/Src/main.c:1030:6:selfBalanceTask	64	static
../Core/Src/main.c:1095:6:coefficientPollingTask	112	static
../Core/Src/main.c:1175:6:HAL_TIM_PeriodElapsedCallback	16	static
../Core/Src/main.c:1191:6:Error_Handler	272	static,ignoring_inline_asm
