../Core/Src/main.c:138:5:main	8	static
../Core/Src/main.c:229:6:SystemClock_Config	96	static
../Core/Src/main.c:275:13:MX_I2C1_Init	8	static
../Core/Src/main.c:316:13:MX_TIM2_Init	48	static
../Core/Src/main.c:361:13:MX_TIM3_Init	48	static
../Core/Src/main.c:406:13:MX_USART2_UART_Init	8	static
../Core/Src/main.c:436:13:MX_GPIO_Init	48	static
../Core/Src/main.c:484:13:configure_imu_power	32	static
../Core/Src/main.c:534:13:calibrate_imu	344	static
../Core/Src/main.c:582:13:process_imu_data	48	static
../Core/Src/main.c:606:13:update_global_imu_data	176	static
../Core/Src/main.c:634:13:handle_i2c_read_error	144	static
../Core/Src/main.c:658:6:HAL_GPIO_EXTI_Callback	16	static
../Core/Src/main.c:668:13:uart_print	16	static
../Core/Src/main.c:681:6:StartDefaultTask	16	static
../Core/Src/main.c:697:6:startIMUReadTask	96	static
../Core/Src/main.c:743:6:HAL_TIM_PeriodElapsedCallback	16	static
../Core/Src/main.c:759:6:Error_Handler	4	static,ignoring_inline_asm
